// Jest Snapshot v1, https://goo.gl/fbAQLP

exports[`Button Component should render correcty 1`] = `
.c0 {
  background-color: #219ebc;
  border-radius: 60px;
  position: absolute;
  width: 219px;
  height: 59px;
  left: 1133px;
  top: 169px;
  color: #ffffff;
  font-family: 'Roboto';
  font-style: normal;
  font-weight: 400;
  font-size: 20px;
  line-height: 23px;
}

<button
  className="c0"
  onClick={[MockFunction]}
>
  Button
</button>
`;
